Kompilacja rozpoczęła się 20.01.2026 02:23:12.
Środowisko przy rozpoczęciu kompilacji:
MSBuildLoadMicrosoftTargetsReadOnly = true

Szczegółowość rejestrowania została ustawiona na: Diagnostic.02:23:12.617     1>Projekt „C:\Users\kazac\OneDrive\Pulpit\C++-folder całościowy\Aplikacja Bankowa — właściwa kopia\Rejestracja Bankowa\Rejestracja Bankowa\Rejestracja Bankowa.vcxproj” w węźle 2 (elementy docelowe: Clean).
02:23:12.617     1>Element docelowy „_CheckForInvalidConfigurationAndPlatform: (identyfikator elementu docelowego: 2)” w pliku „C:\Program Files\Microsoft Visual Studio\18\Insiders\MSBuild\Current\Bin\amd64\Microsoft.Common.CurrentVersion.targets” z projektu „C:\Users\kazac\OneDrive\Pulpit\C++-folder całościowy\Aplikacja Bankowa — właściwa kopia\Rejestracja Bankowa\Rejestracja Bankowa\Rejestracja Bankowa.vcxproj” (zależy od niego element docelowy „_PrepareForClean”):
02:23:12.619     1>Zadanie „Message”: (identyfikator zadania: 2)
                   Wykonywanie zadania „Message” zakończone.: (identyfikator zadania: 2)
                   Zadanie „Message”: (identyfikator zadania: 3)
                   Wykonywanie zadania „Message” zakończone.: (identyfikator zadania: 3)
02:23:12.620     1>Wykonano kompilowanie elementu docelowego „_CheckForInvalidConfigurationAndPlatform” w projekcie „Rejestracja Bankowa.vcxproj”.: (identyfikator elementu docelowego: 2)
02:23:12.620     1>Element docelowy „_PrepareForClean: (identyfikator elementu docelowego: 3)” w pliku „C:\Program Files\Microsoft Visual Studio\18\Insiders\MSBuild\Microsoft\VC\v170\Microsoft.BuildSteps.Targets” z projektu „C:\Users\kazac\OneDrive\Pulpit\C++-folder całościowy\Aplikacja Bankowa — właściwa kopia\Rejestracja Bankowa\Rejestracja Bankowa\Rejestracja Bankowa.vcxproj” (zależy od niego element docelowy „Clean”):
                   Zadanie „Delete”: (identyfikator zadania: 4)
                   Wykonywanie zadania „Delete” zakończone.: (identyfikator zadania: 4)
02:23:12.624     1>Wykonano kompilowanie elementu docelowego „_PrepareForClean” w projekcie „Rejestracja Bankowa.vcxproj”.: (identyfikator elementu docelowego: 3)
02:23:12.624     1>Element docelowy „BeforeClean: (identyfikator elementu docelowego: 4)” w pliku „C:\Program Files\Microsoft Visual Studio\18\Insiders\MSBuild\Current\Bin\amd64\Microsoft.Common.CurrentVersion.targets” z projektu „C:\Users\kazac\OneDrive\Pulpit\C++-folder całościowy\Aplikacja Bankowa — właściwa kopia\Rejestracja Bankowa\Rejestracja Bankowa\Rejestracja Bankowa.vcxproj” (zależy od niego element docelowy „Clean”):
02:23:12.624     1>Wykonano kompilowanie elementu docelowego „BeforeClean” w projekcie „Rejestracja Bankowa.vcxproj”.: (identyfikator elementu docelowego: 4)
02:23:12.624     1>Element docelowy „CoreClean: (identyfikator elementu docelowego: 5)” w pliku „C:\Program Files\Microsoft Visual Studio\18\Insiders\MSBuild\Current\Bin\amd64\Microsoft.Common.CurrentVersion.targets” z projektu „C:\Users\kazac\OneDrive\Pulpit\C++-folder całościowy\Aplikacja Bankowa — właściwa kopia\Rejestracja Bankowa\Rejestracja Bankowa\Rejestracja Bankowa.vcxproj” (zależy od niego element docelowy „Clean”):
                   Zadanie „Delete”: (identyfikator zadania: 5)
                   Wykonywanie zadania „Delete” zakończone.: (identyfikator zadania: 5)
                   Zadanie „ReadLinesFromFile”: (identyfikator zadania: 6)
                   Wykonywanie zadania „ReadLinesFromFile” zakończone.: (identyfikator zadania: 6)
                   Zadanie „FindUnderPath”: (identyfikator zadania: 7)
                   Wykonywanie zadania „FindUnderPath” zakończone.: (identyfikator zadania: 7)
                   Zadanie „FindUnderPath”: (identyfikator zadania: 8)
                   Wykonywanie zadania „FindUnderPath” zakończone.: (identyfikator zadania: 8)
                   Zadanie „Delete”: (identyfikator zadania: 9)
                   Wykonywanie zadania „Delete” zakończone.: (identyfikator zadania: 9)
                   Zadanie „RemoveDuplicates”: (identyfikator zadania: 10)
                   Wykonywanie zadania „RemoveDuplicates” zakończone.: (identyfikator zadania: 10)
                   Zadanie „MakeDir”: (identyfikator zadania: 11)
                   Wykonywanie zadania „MakeDir” zakończone.: (identyfikator zadania: 11)
                   Zadanie „WriteLinesToFile”: (identyfikator zadania: 12)
                   Wykonywanie zadania „WriteLinesToFile” zakończone.: (identyfikator zadania: 12)
02:23:12.632     1>Wykonano kompilowanie elementu docelowego „CoreClean” w projekcie „Rejestracja Bankowa.vcxproj”.: (identyfikator elementu docelowego: 5)
02:23:12.632     1>Element docelowy „IgnoreJavaScriptOutputAssembly: (identyfikator elementu docelowego: 6)” w pliku „C:\Program Files\Microsoft Visual Studio\18\Insiders\MSBuild\Current\Bin\amd64\Microsoft.Common.CurrentVersion.targets” z projektu „C:\Users\kazac\OneDrive\Pulpit\C++-folder całościowy\Aplikacja Bankowa — właściwa kopia\Rejestracja Bankowa\Rejestracja Bankowa\Rejestracja Bankowa.vcxproj” (zależy od niego element docelowy „AssignProjectConfiguration”):
02:23:12.632     1>Wykonano kompilowanie elementu docelowego „IgnoreJavaScriptOutputAssembly” w projekcie „Rejestracja Bankowa.vcxproj”.: (identyfikator elementu docelowego: 6)
02:23:12.632     1>Element docelowy „AssignProjectConfiguration: (identyfikator elementu docelowego: 7)” w pliku „C:\Program Files\Microsoft Visual Studio\18\Insiders\MSBuild\Current\Bin\amd64\Microsoft.Common.CurrentVersion.targets” z projektu „C:\Users\kazac\OneDrive\Pulpit\C++-folder całościowy\Aplikacja Bankowa — właściwa kopia\Rejestracja Bankowa\Rejestracja Bankowa\Rejestracja Bankowa.vcxproj” (zależy od niego element docelowy „PrepareProjectReferences”):
                   Zadanie „AssignProjectConfiguration”: (identyfikator zadania: 13)
                   Wykonywanie zadania „AssignProjectConfiguration” zakończone.: (identyfikator zadania: 13)
02:23:12.633     1>Wykonano kompilowanie elementu docelowego „AssignProjectConfiguration” w projekcie „Rejestracja Bankowa.vcxproj”.: (identyfikator elementu docelowego: 7)
02:23:12.633     1>Element docelowy „_SplitProjectReferencesByFileExistence: (identyfikator elementu docelowego: 8)” w pliku „C:\Program Files\Microsoft Visual Studio\18\Insiders\MSBuild\Current\Bin\amd64\Microsoft.Common.CurrentVersion.targets” z projektu „C:\Users\kazac\OneDrive\Pulpit\C++-folder całościowy\Aplikacja Bankowa — właściwa kopia\Rejestracja Bankowa\Rejestracja Bankowa\Rejestracja Bankowa.vcxproj” (zależy od niego element docelowy „PrepareProjectReferences”):
02:23:12.633     1>Wykonano kompilowanie elementu docelowego „_SplitProjectReferencesByFileExistence” w projekcie „Rejestracja Bankowa.vcxproj”.: (identyfikator elementu docelowego: 8)
02:23:12.633     1>Element docelowy „_AddOutputPathToGlobalPropertiesToRemove: (identyfikator elementu docelowego: 9)” w pliku „C:\Program Files\Microsoft Visual Studio\18\Insiders\MSBuild\Current\Bin\amd64\Microsoft.Common.CurrentVersion.targets” z projektu „C:\Users\kazac\OneDrive\Pulpit\C++-folder całościowy\Aplikacja Bankowa — właściwa kopia\Rejestracja Bankowa\Rejestracja Bankowa\Rejestracja Bankowa.vcxproj” (zależy od niego element docelowy „_GetProjectReferenceTargetFrameworkProperties”):
02:23:12.633     1>Wykonano kompilowanie elementu docelowego „_AddOutputPathToGlobalPropertiesToRemove” w projekcie „Rejestracja Bankowa.vcxproj”.: (identyfikator elementu docelowego: 9)
02:23:12.633     1>Element docelowy „_GetProjectReferenceTargetFrameworkProperties: (identyfikator elementu docelowego: 10)” w pliku „C:\Program Files\Microsoft Visual Studio\18\Insiders\MSBuild\Current\Bin\amd64\Microsoft.Common.CurrentVersion.targets” z projektu „C:\Users\kazac\OneDrive\Pulpit\C++-folder całościowy\Aplikacja Bankowa — właściwa kopia\Rejestracja Bankowa\Rejestracja Bankowa\Rejestracja Bankowa.vcxproj” (zależy od niego element docelowy „PrepareProjectReferences”):
                   Zadanie „MSBuild”: (identyfikator zadania: 14)
                   Wykonywanie zadania „MSBuild” zakończone.: (identyfikator zadania: 14)
                   Zadanie „SetRidAgnosticValueForProjects”: (identyfikator zadania: 15)
                   Wykonywanie zadania „SetRidAgnosticValueForProjects” zakończone.: (identyfikator zadania: 15)
02:23:12.636     1>Wykonano kompilowanie elementu docelowego „_GetProjectReferenceTargetFrameworkProperties” w projekcie „Rejestracja Bankowa.vcxproj”.: (identyfikator elementu docelowego: 10)
02:23:12.636     1>Element docelowy „PrepareProjectReferences: (identyfikator elementu docelowego: 11)” w pliku „C:\Program Files\Microsoft Visual Studio\18\Insiders\MSBuild\Current\Bin\amd64\Microsoft.Common.CurrentVersion.targets” z projektu „C:\Users\kazac\OneDrive\Pulpit\C++-folder całościowy\Aplikacja Bankowa — właściwa kopia\Rejestracja Bankowa\Rejestracja Bankowa\Rejestracja Bankowa.vcxproj” (zależy od niego element docelowy „CleanReferencedProjects”):
02:23:12.636     1>Wykonano kompilowanie elementu docelowego „PrepareProjectReferences” w projekcie „Rejestracja Bankowa.vcxproj”.: (identyfikator elementu docelowego: 11)
02:23:12.636     1>Element docelowy „CleanReferencedProjects: (identyfikator elementu docelowego: 12)” w pliku „C:\Program Files\Microsoft Visual Studio\18\Insiders\MSBuild\Current\Bin\amd64\Microsoft.Common.CurrentVersion.targets” z projektu „C:\Users\kazac\OneDrive\Pulpit\C++-folder całościowy\Aplikacja Bankowa — właściwa kopia\Rejestracja Bankowa\Rejestracja Bankowa\Rejestracja Bankowa.vcxproj” (zależy od niego element docelowy „Clean”):
02:23:12.636     1>Wykonano kompilowanie elementu docelowego „CleanReferencedProjects” w projekcie „Rejestracja Bankowa.vcxproj”.: (identyfikator elementu docelowego: 12)
02:23:12.636     1>Element docelowy „CleanPublishFolder: (identyfikator elementu docelowego: 13)” w pliku „C:\Program Files\Microsoft Visual Studio\18\Insiders\MSBuild\Current\Bin\amd64\Microsoft.Common.CurrentVersion.targets” z projektu „C:\Users\kazac\OneDrive\Pulpit\C++-folder całościowy\Aplikacja Bankowa — właściwa kopia\Rejestracja Bankowa\Rejestracja Bankowa\Rejestracja Bankowa.vcxproj” (zależy od niego element docelowy „Clean”):
02:23:12.636     1>Wykonano kompilowanie elementu docelowego „CleanPublishFolder” w projekcie „Rejestracja Bankowa.vcxproj”.: (identyfikator elementu docelowego: 13)
02:23:12.636     1>Element docelowy „AfterClean: (identyfikator elementu docelowego: 14)” w pliku „C:\Program Files\Microsoft Visual Studio\18\Insiders\MSBuild\Current\Bin\amd64\Microsoft.Common.CurrentVersion.targets” z projektu „C:\Users\kazac\OneDrive\Pulpit\C++-folder całościowy\Aplikacja Bankowa — właściwa kopia\Rejestracja Bankowa\Rejestracja Bankowa\Rejestracja Bankowa.vcxproj” (zależy od niego element docelowy „Clean”):
02:23:12.636     1>Wykonano kompilowanie elementu docelowego „AfterClean” w projekcie „Rejestracja Bankowa.vcxproj”.: (identyfikator elementu docelowego: 14)
02:23:12.636     1>Element docelowy „BeforeCppClean: (identyfikator elementu docelowego: 15)” w pliku „C:\Program Files\Microsoft Visual Studio\18\Insiders\MSBuild\Microsoft\VC\v170\Microsoft.CppClean.targets” z projektu „C:\Users\kazac\OneDrive\Pulpit\C++-folder całościowy\Aplikacja Bankowa — właściwa kopia\Rejestracja Bankowa\Rejestracja Bankowa\Rejestracja Bankowa.vcxproj” (zależy od niego element docelowy „CppClean”):
02:23:12.636     1>Wykonano kompilowanie elementu docelowego „BeforeCppClean” w projekcie „Rejestracja Bankowa.vcxproj”.: (identyfikator elementu docelowego: 15)
02:23:12.636     1>Element docelowy „CoreCppClean: (identyfikator elementu docelowego: 16)” w pliku „C:\Program Files\Microsoft Visual Studio\18\Insiders\MSBuild\Microsoft\VC\v170\Microsoft.CppClean.targets” z projektu „C:\Users\kazac\OneDrive\Pulpit\C++-folder całościowy\Aplikacja Bankowa — właściwa kopia\Rejestracja Bankowa\Rejestracja Bankowa\Rejestracja Bankowa.vcxproj” (zależy od niego element docelowy „CppClean”):
                   Zadanie „MakeDir”: (identyfikator zadania: 16)
                   Wykonywanie zadania „MakeDir” zakończone.: (identyfikator zadania: 16)
                   Zadanie „CppClean”: (identyfikator zadania: 17)
                   Wykonywanie zadania „CppClean” zakończone.: (identyfikator zadania: 17)
                   Zadanie „WriteLinesToFile”: (identyfikator zadania: 18)
                   Wykonywanie zadania „WriteLinesToFile” zakończone.: (identyfikator zadania: 18)
02:23:12.738     1>Wykonano kompilowanie elementu docelowego „CoreCppClean” w projekcie „Rejestracja Bankowa.vcxproj”.: (identyfikator elementu docelowego: 16)
02:23:12.738     1>Element docelowy „AfterCppClean: (identyfikator elementu docelowego: 17)” w pliku „C:\Program Files\Microsoft Visual Studio\18\Insiders\MSBuild\Microsoft\VC\v170\Microsoft.CppClean.targets” z projektu „C:\Users\kazac\OneDrive\Pulpit\C++-folder całościowy\Aplikacja Bankowa — właściwa kopia\Rejestracja Bankowa\Rejestracja Bankowa\Rejestracja Bankowa.vcxproj” (zależy od niego element docelowy „CppClean”):
02:23:12.738     1>Wykonano kompilowanie elementu docelowego „AfterCppClean” w projekcie „Rejestracja Bankowa.vcxproj”.: (identyfikator elementu docelowego: 17)
02:23:12.738     1>Element docelowy „PGInstrumentedClean: (identyfikator elementu docelowego: 18)” w pliku „C:\Program Files\Microsoft Visual Studio\18\Insiders\MSBuild\Microsoft\VC\v170\Microsoft.CppClean.targets” z projektu „C:\Users\kazac\OneDrive\Pulpit\C++-folder całościowy\Aplikacja Bankowa — właściwa kopia\Rejestracja Bankowa\Rejestracja Bankowa\Rejestracja Bankowa.vcxproj” (zależy od niego element docelowy „CppClean”):
                   Zadanie „Delete”: (identyfikator zadania: 19)
                   Wykonywanie zadania „Delete” zakończone.: (identyfikator zadania: 19)
02:23:12.739     1>Wykonano kompilowanie elementu docelowego „PGInstrumentedClean” w projekcie „Rejestracja Bankowa.vcxproj”.: (identyfikator elementu docelowego: 18)
02:23:12.739     1>Element docelowy „CppClean: (identyfikator elementu docelowego: 19)” w pliku „C:\Program Files\Microsoft Visual Studio\18\Insiders\MSBuild\Microsoft\VC\v170\Microsoft.CppClean.targets” z projektu „C:\Users\kazac\OneDrive\Pulpit\C++-folder całościowy\Aplikacja Bankowa — właściwa kopia\Rejestracja Bankowa\Rejestracja Bankowa\Rejestracja Bankowa.vcxproj” (zależy od niego element docelowy „Clean”):
02:23:12.739     1>Wykonano kompilowanie elementu docelowego „CppClean” w projekcie „Rejestracja Bankowa.vcxproj”.: (identyfikator elementu docelowego: 19)
02:23:12.739     1>Element docelowy „Clean: (identyfikator elementu docelowego: 20)” w pliku „C:\Program Files\Microsoft Visual Studio\18\Insiders\MSBuild\Current\Bin\amd64\Microsoft.Common.CurrentVersion.targets” z projektu „C:\Users\kazac\OneDrive\Pulpit\C++-folder całościowy\Aplikacja Bankowa — właściwa kopia\Rejestracja Bankowa\Rejestracja Bankowa\Rejestracja Bankowa.vcxproj” (punkt wejścia):
02:23:12.739     1>Wykonano kompilowanie elementu docelowego „Clean” w projekcie „Rejestracja Bankowa.vcxproj”.: (identyfikator elementu docelowego: 20)
02:23:12.740     1>Kompilowanie projektu „C:\Users\kazac\OneDrive\Pulpit\C++-folder całościowy\Aplikacja Bankowa — właściwa kopia\Rejestracja Bankowa\Rejestracja Bankowa\Rejestracja Bankowa.vcxproj” wykonane (elementy docelowe: Clean).

Podsumowanie wydajności projektu:
      123 ms  C:\Users\kazac\OneDrive\Pulpit\C++-folder całościowy\Aplikacja Bankowa — właściwa kopia\Rejestracja Bankowa\Rejestracja Bankowa\Rejestracja Bankowa.vcxproj — wywołań:   1
                123 ms  Clean                                    — wywołań:   1

Podsumowanie wydajności elementu docelowego:
        0 ms  PrepareProjectReferences                 — wywołań:   1
        0 ms  AfterCppClean                            — wywołań:   1
        0 ms  BeforeCppClean                           — wywołań:   1
        0 ms  AfterClean                               — wywołań:   1
        0 ms  CleanPublishFolder                       — wywołań:   1
        0 ms  CleanReferencedProjects                  — wywołań:   1
        0 ms  CppClean                                 — wywołań:   1
        0 ms  Clean                                    — wywołań:   1
        0 ms  _SplitProjectReferencesByFileExistence   — wywołań:   1
        0 ms  IgnoreJavaScriptOutputAssembly           — wywołań:   1
        0 ms  BeforeClean                              — wywołań:   1
        0 ms  _AddOutputPathToGlobalPropertiesToRemove — wywołań:   1
        1 ms  AssignProjectConfiguration               — wywołań:   1
        1 ms  PGInstrumentedClean                      — wywołań:   1
        3 ms  _CheckForInvalidConfigurationAndPlatform — wywołań:   1
        3 ms  _GetProjectReferenceTargetFrameworkProperties — wywołań:   1
        4 ms  _PrepareForClean                         — wywołań:   1
        8 ms  CoreClean                                — wywołań:   1
      102 ms  CoreCppClean                             — wywołań:   1

Podsumowanie wydajności zadania:
        0 ms  RemoveDuplicates                         — wywołań:   1
        0 ms  MakeDir                                  — wywołań:   2
        0 ms  SetRidAgnosticValueForProjects           — wywołań:   1
        1 ms  ReadLinesFromFile                        — wywołań:   1
        1 ms  AssignProjectConfiguration               — wywołań:   1
        1 ms  Message                                  — wywołań:   2
        1 ms  MSBuild                                  — wywołań:   1
        1 ms  FindUnderPath                            — wywołań:   2
        3 ms  Delete                                   — wywołań:   4
        9 ms  WriteLinesToFile                         — wywołań:   2
       93 ms  CppClean                                 — wywołań:   1

Kompilacja powiodła się.
    Ostrzeżenia: 0
    Liczba błędów: 0

Czas, który upłynął: 00:00:00.12
