c:\users\kazac\onedrive\pulpit\c++-folder całościowy\aplikacja bankowa\rejestracja bankowa\rejestracja bankowa\x64\debug\vc143.pdb
c:\users\kazac\onedrive\pulpit\c++-folder całościowy\aplikacja bankowa\rejestracja bankowa\rejestracja bankowa\x64\debug\.netframework,version=v4.7.2.assemblyattributes.obj
c:\users\kazac\onedrive\pulpit\c++-folder całościowy\aplikacja bankowa\rejestracja bankowa\rejestracja bankowa\x64\debug\rejestracja1.obj
c:\users\kazac\onedrive\pulpit\c++-folder całościowy\aplikacja bankowa\rejestracja bankowa\rejestracja bankowa\x64\debug\rejestracja.obj
c:\users\kazac\onedrive\pulpit\c++-folder całościowy\aplikacja bankowa\rejestracja bankowa\rejestracja bankowa\x64\debug\nawigacja.obj
c:\users\kazac\onedrive\pulpit\c++-folder całościowy\aplikacja bankowa — właściwa kopia\rejestracja bankowa\rejestracja bankowa\x64\debug\vc143.pdb
c:\users\kazac\onedrive\pulpit\c++-folder całościowy\aplikacja bankowa — właściwa kopia\rejestracja bankowa\rejestracja bankowa\x64\debug\.netframework,version=v4.7.2.assemblyattributes.obj
c:\users\kazac\onedrive\pulpit\c++-folder całościowy\aplikacja bankowa — właściwa kopia\rejestracja bankowa\rejestracja bankowa\x64\debug\rejestracja1.obj
c:\users\kazac\onedrive\pulpit\c++-folder całościowy\aplikacja bankowa — właściwa kopia\rejestracja bankowa\rejestracja bankowa\x64\debug\rejestracja.obj
c:\users\kazac\onedrive\pulpit\c++-folder całościowy\aplikacja bankowa — właściwa kopia\rejestracja bankowa\rejestracja bankowa\x64\debug\nawigacja.obj
c:\users\kazac\onedrive\pulpit\c++-folder całościowy\aplikacja bankowa — właściwa kopia\rejestracja bankowa\rejestracja bankowa\x64\debug\logowanie.obj
c:\users\kazac\onedrive\pulpit\c++-folder całościowy\aplikacja bankowa — właściwa kopia\rejestracja bankowa\x64\debug\rejestracjabankowa.exe
c:\users\kazac\onedrive\pulpit\c++-folder całościowy\aplikacja bankowa — właściwa kopia\rejestracja bankowa\rejestracja bankowa\x64\debug\rejestracja bankowa.vcxproj.assemblyreference.cache
c:\users\kazac\onedrive\pulpit\c++-folder całościowy\aplikacja bankowa — właściwa kopia\rejestracja bankowa\rejestracja bankowa\x64\debug\rejestracja bankowa.vcxproj.generateresource.cache
c:\users\kazac\onedrive\pulpit\c++-folder całościowy\aplikacja bankowa — właściwa kopia\rejestracja bankowa\rejestracja bankowa\x64\debug\rejestracjabankowa.logowanie.resources
c:\users\kazac\onedrive\pulpit\c++-folder całościowy\aplikacja bankowa — właściwa kopia\rejestracja bankowa\rejestracja bankowa\x64\debug\rejestracjabankowa.rejestracja.resources
c:\users\kazac\onedrive\pulpit\c++-folder całościowy\aplikacja bankowa — właściwa kopia\rejestracja bankowa\rejestracja bankowa\x64\debug\rejestracjabankowa.rejestracja1.resources
c:\users\kazac\onedrive\pulpit\c++-folder całościowy\aplikacja bankowa — właściwa kopia\rejestracja bankowa\rejestracja bankowa\x64\debug\rejestra.8882513c.tlog\cl.command.1.tlog
c:\users\kazac\onedrive\pulpit\c++-folder całościowy\aplikacja bankowa — właściwa kopia\rejestracja bankowa\rejestracja bankowa\x64\debug\rejestra.8882513c.tlog\cl.read.1.tlog
c:\users\kazac\onedrive\pulpit\c++-folder całościowy\aplikacja bankowa — właściwa kopia\rejestracja bankowa\rejestracja bankowa\x64\debug\rejestra.8882513c.tlog\cl.write.1.tlog
c:\users\kazac\onedrive\pulpit\c++-folder całościowy\aplikacja bankowa — właściwa kopia\rejestracja bankowa\rejestracja bankowa\x64\debug\rejestra.8882513c.tlog\metagen.read.1.tlog
c:\users\kazac\onedrive\pulpit\c++-folder całościowy\aplikacja bankowa — właściwa kopia\rejestracja bankowa\rejestracja bankowa\x64\debug\rejestra.8882513c.tlog\metagen.write.1.tlog
c:\users\kazac\onedrive\pulpit\c++-folder całościowy\aplikacja bankowa — właściwa kopia\rejestracja bankowa\rejestracja bankowa\x64\debug\rejestra.8882513c.tlog\rc.command.1.tlog
c:\users\kazac\onedrive\pulpit\c++-folder całościowy\aplikacja bankowa — właściwa kopia\rejestracja bankowa\rejestracja bankowa\x64\debug\rejestra.8882513c.tlog\rc.read.1.tlog
c:\users\kazac\onedrive\pulpit\c++-folder całościowy\aplikacja bankowa — właściwa kopia\rejestracja bankowa\rejestracja bankowa\x64\debug\rejestra.8882513c.tlog\rc.write.1.tlog
c:\users\kazac\onedrive\pulpit\c++-folder całościowy\aplikacja bankowa — właściwa kopia\rejestracja bankowa\rejestracja bankowa\x64\debug\rejestra.8882513c.tlog\resgen.command.1.tlog
c:\users\kazac\onedrive\pulpit\c++-folder całościowy\aplikacja bankowa — właściwa kopia\rejestracja bankowa\rejestracja bankowa\x64\debug\rejestra.8882513c.tlog\resgen.read.1.tlog
c:\users\kazac\onedrive\pulpit\c++-folder całościowy\aplikacja bankowa — właściwa kopia\rejestracja bankowa\rejestracja bankowa\x64\debug\rejestra.8882513c.tlog\resgen.write.1.tlog
